test
 input
 output
 a
 p1
  a
  b
  c
  p2
   d
 p3
  x
 p4
  z
  q
